
============================================================
[SESSION START] 2026-09-19T22:59:23.501255
============================================================
[1mgithub:[0m FOUND — [4;94mhttps://github.com/VexxDev[0m
[1mtwitter:[0m FOUND — [4;94mhttps://twitter.com/VexxDev[0m
[1minstagram:[0m FOUND — [4;94mhttps://instagram.com/VexxDev[0m
[1mreddit:[0m NO — [4;94mhttps://reddit.com/user/VexxDev[0m
[1mtelegram:[0m FOUND — [4;94mhttps://t.me/VexxDev[0m
[1mtiktok:[0m FOUND — [4;94mhttps://tiktok.com/@VexxDev[0m
[1myoutube:[0m NO — [4;94mhttps://youtube.com/@VexxDev[0m
[1mvk:[0m NO — [4;94mhttps://vk.com/VexxDev[0m
[1mfacebook:[0m FOUND — [4;94mhttps://facebook.com/VexxDev[0m
[1mtwitch:[0m FOUND — [4;94mhttps://twitch.tv/VexxDev[0m
[1msteam:[0m FOUND — [4;94mhttps://steamcommunity.com/id/VexxDev[0m
[1mpinterest:[0m FOUND — [4;94mhttps://pinterest.com/VexxDev[0m
[1mmedium:[0m NO — [4;94mhttps://medium.com/@VexxDev[0m
[1mhabr:[0m NO — [4;94mhttps://habr.com/ru/users/VexxDev/[0m

[1;36mОтчёт сохранён:[0m C:\Users\smird\Downloads\milenium\social_VexxDev_20260919_225941.txt
[1;36mЛог:[0m C:\Users\smird\Downloads\milenium\milenium.log

============================================================
[SESSION START] 2026-09-19T23:02:09.535520
============================================================
[1mvalid:[0m [3;92mTrue[0m
[1mcountry:[0m Russia
[1mcarrier:[0m MegaFon
[1mtimezone:[0m [1m[[0m[32m'Asia/Almaty'[0m, [32m'Asia/Anadyr'[0m, [32m'Asia/Aqtobe'[0m, [32m'Asia/Irkutsk'[0m, [32m'Asia/Kamchatka'[0m, [32m'Asia/Krasnoyarsk'[0m, 
[32m'Asia/Magadan'[0m, [32m'Asia/Novosibirsk'[0m, [32m'Asia/Omsk'[0m, [32m'Asia/Sakhalin'[0m, [32m'Asia/Vladivostok'[0m, [32m'Asia/Yakutsk'[0m, 
[32m'Asia/Yekaterinburg'[0m, [32m'Europe/Bucharest'[0m, [32m'Europe/Moscow'[0m, [32m'Europe/Samara'[0m[1m][0m
[1mformat_intl:[0m +[1;36m7[0m [1;36m931[0m [1;36m397[0m-[1;36m89[0m-[1;36m51[0m

[1;36mОтчёт сохранён:[0m C:\Users\smird\Downloads\milenium\phone_79313978951_20260919_230209.txt
[1;36mЛог:[0m C:\Users\smird\Downloads\milenium\milenium.log
